Running Gradle task 'assembleRelease'...                        
flutter : 
At line:1 char:1
+ flutter build apk 
--release > 
build_output.log 2>&1
+ ~~~~~~~~~~~~~~~~~~~~~
~~~~~~~~~~~~~~~~~~~~~~~
~~~~~~~
    + CategoryInfo     
         : NotSpecifi  
  ed: (:String) [],    
 RemoteException
    + FullyQualifiedEr 
   rorId : NativeComm  
  andError
 
FAILURE: Build failed 
with an exception.

* Where:
Settings file 'C:\Users
\patel\OneDrive\Desktop
\smart-travel-app\front
end\android\settings.gr
adle' line: 20

* What went wrong:
Error resolving plugin 
[id: 'dev.flutter.flutt
er-plugin-loader', 
version: '1.0.0']
> Could not read 
workspace metadata 
from C:\Users\patel\.gr
adle\caches\8.7\kotlin-
dsl\scripts\77955843419
7cfbbc8de843fa4772832\m
etadata.bin

* Try:
> Run with 
--stacktrace option to 
get the stack trace.
> Run with --info or 
--debug option to get 
more log output.
> Run with --scan to 
get full insights.
> Get more help at http
s://help.gradle.org.

BUILD FAILED in 871ms
Running Gradle task 'assembleRelease'...                         1,383ms
Gradle task 
assembleRelease failed 
with exit code 1
